// Jest Snapshot v1, https://goo.gl/fbAQLP

exports[`SiteHeader Should match existing snapshot. 1`] = `
<ContextConsumer>
  <Component />
</ContextConsumer>
`;
